// Jest Snapshot v1, https://goo.gl/fbAQLP

exports[` 1`] = `
<DocumentFragment>
  <section
    class="my-5"
  >
    <h1
      id="about"
    >
       Who am I?
    </h1>
    <img
      alt="cover"
      class="my-2"
      src="cover-image.jpg"
      style="width: 100%;"
    />
  </section>
</DocumentFragment>
`;

exports[`About component matches snapshop DOM node structure 1`] = `
<DocumentFragment>
  <section
    class="my-5"
  >
    <h1
      id="about"
    >
       Who am I?
    </h1>
    <img
      alt="cover"
      class="my-2"
      src="cover-image.jpg"
      style="width: 100%;"
    />
  </section>
</DocumentFragment>
`;

exports[`Nav component matches snapshot 1`] = `
<DocumentFragment>
  <section
    class="my-5"
  >
    <h1
      id="about"
    >
       Who am I?
    </h1>
    <img
      alt="cover"
      class="my-2"
      src="cover-image.jpg"
      style="width: 100%;"
    />
  </section>
</DocumentFragment>
`;
